
[1m[30m[46m RUN [49m[39m[22m [36mv4.1.10 [39m[90mc:/Users/lenovo/SecureFlow[39m

 [31m❯[39m src/lib/armor/scanner.test.ts [2m([22m[2m0 test[22m[2m)[22m

[2m Test Files [22m [1m[31m1 failed[39m[22m[90m (1)[39m
[2m      Tests [22m [2mno tests[22m
[2m   Start at [22m 17:21:31
[2m   Duration [22m 535ms[2m (transform 86ms, setup 128ms, import 0ms, tests 0ms, environment 0ms)[22m

